/dev/fd/14:18: command not found: compdef
(base) saraghosalkar@Saras-MacBook-Air PracsPract % node
Welcome to Node.js v18.11.0.
Type ".help" for more information.
> let hello = "Hello World"
undefined
> hello
'Hello World'
> 
(To exit, press Ctrl+C again or Ctrl+D or type .exit)
> .exit
(base) saraghosalkar@Saras-MacBook-Air PracsPract % node
Welcome to Node.js v18.11.0.
Type ".help" for more information.
> let a = 5;
undefined
> let b = "Sara"
undefined
> a+b
'5Sara'
> let c = 4;
undefined
> a+c
9
> 2+2
4
> 3+6
9
> 7*8
56
> 7/3
2.3333333333333335
> 9/3
3
> 9*2
18
> 9**2
81
> function add(first,second){
... console.log(first+second)
... }
undefined
> add(2+3)
NaN
undefined
> add(2,3)
5
undefined
> MATH.sqrt(169)
Uncaught ReferenceError: MATH is not defined
> Math.sqrt(169)
13
> for (i=1; i<5; i++){
... console.log("Sara")
... }
Sara
Sara
Sara
Sara
undefined
> .help
.break    Sometimes you get stuck, this gets you out
.clear    Alias for .break
.editor   Enter editor mode
.exit     Exit the REPL
.help     Print this help message
.load     Load JS from a file into the REPL session
.save     Save all evaluated commands in this REPL session to a file

Press Ctrl+C to abort current expression, Ctrl+D to exit the REPL